
> teengram_k@0.1.0 build
> next build

   Γû▓ Next.js 15.5.4
   - Environments: .env.local
   - Experiments (use with caution):
     ┬╖ serverActions

   Creating an optimized production build ...
 Γ£ô Compiled successfully in 4.7s
   Linting and checking validity of types ...
node.exe : 
At C:\Program Files\nodejs\npm.ps1:29 char:3
+   & $NODE_EXE $NPM_CLI_JS $args
+   ~~~~~~~~~~~~~~~~~~~~~~~~~~~~~
    + CategoryInfo          : NotSpecified: (:String) [], RemoteException
    + FullyQualifiedErrorId : NativeCommandError
 
Failed to compile.

./app/admin-panel/page.js
35:8  Warning: React Hook useEffect has a missing dependency: 'fetchData'. Either include it or remove the dependency 
array.  react-hooks/exhaustive-deps

./app/admin-setup/page.js
41:8  Warning: React Hook useEffect has missing dependencies: 'checkExisting' and 'step'. Either include them or 
remove the dependency array.  react-hooks/exhaustive-deps

./app/Components/ChatList.js
39:17  Warning: Using `<img>` could result in slower LCP and higher bandwidth. Consider using `<Image />` from 
`next/image` or a custom image loader to automatically optimize images. This may incur additional usage or cost from 
your provider. See: https://nextjs.org/docs/messages/no-img-element  @next/next/no-img-element
83:9  Warning: Using `<img>` could result in slower LCP and higher bandwidth. Consider using `<Image />` from 
`next/image` or a custom image loader to automatically optimize images. This may incur additional usage or cost from 
your provider. See: https://nextjs.org/docs/messages/no-img-element  @next/next/no-img-element

./app/Components/ChatView.js
304:25  Warning: Using `<img>` could result in slower LCP and higher bandwidth. Consider using `<Image />` from 
`next/image` or a custom image loader to automatically optimize images. This may incur additional usage or cost from 
your provider. See: https://nextjs.org/docs/messages/no-img-element  @next/next/no-img-element
371:41  Warning: Using `<img>` could result in slower LCP and higher bandwidth. Consider using `<Image />` from 
`next/image` or a custom image loader to automatically optimize images. This may incur additional usage or cost from 
your provider. See: https://nextjs.org/docs/messages/no-img-element  @next/next/no-img-element
371:41  Warning: img elements must have an alt prop, either with meaningful text, or an empty string for decorative 
images.  jsx-a11y/alt-text

./app/Components/CreateEventModal.js
46:8  Warning: React Hook useEffect has a missing dependency: 'defaultForm'. Either include it or remove the 
dependency array.  react-hooks/exhaustive-deps
243:41  Warning: Using `<img>` could result in slower LCP and higher bandwidth. Consider using `<Image />` from 
`next/image` or a custom image loader to automatically optimize images. This may incur additional usage or cost from 
your provider. See: https://nextjs.org/docs/messages/no-img-element  @next/next/no-img-element

./app/Components/EventDetailsModal.js
119:29  Warning: Using `<img>` could result in slower LCP and higher bandwidth. Consider using `<Image />` from 
`next/image` or a custom image loader to automatically optimize images. This may incur additional usage or cost from 
your provider. See: https://nextjs.org/docs/messages/no-img-element  @next/next/no-img-element
149:33  Warning: Using `<img>` could result in slower LCP and higher bandwidth. Consider using `<Image />` from 
`next/image` or a custom image loader to automatically optimize images. This may incur additional usage or cost from 
your provider. See: https://nextjs.org/docs/messages/no-img-element  @next/next/no-img-element
149:33  Warning: img elements must have an alt prop, either with meaningful text, or an empty string for decorative 
images.  jsx-a11y/alt-text

./app/Components/PostModal.js
140:37  Warning: Using `<img>` could result in slower LCP and higher bandwidth. Consider using `<Image />` from 
`next/image` or a custom image loader to automatically optimize images. This may incur additional usage or cost from 
your provider. See: https://nextjs.org/docs/messages/no-img-element  @next/next/no-img-element
149:41  Error: `"` can be escaped with `&quot;`, `&ldquo;`, `&#34;`, `&rdquo;`.  react/no-unescaped-entities
149:61  Error: `"` can be escaped with `&quot;`, `&ldquo;`, `&#34;`, `&rdquo;`.  react/no-unescaped-entities
161:37  Warning: Using `<img>` could result in slower LCP and higher bandwidth. Consider using `<Image />` from 
`next/image` or a custom image loader to automatically optimize images. This may incur additional usage or cost from 
your provider. See: https://nextjs.org/docs/messages/no-img-element  @next/next/no-img-element
180:41  Warning: Using `<img>` could result in slower LCP and higher bandwidth. Consider using `<Image />` from 
`next/image` or a custom image loader to automatically optimize images. This may incur additional usage or cost from 
your provider. See: https://nextjs.org/docs/messages/no-img-element  @next/next/no-img-element
197:45  Warning: Using `<img>` could result in slower LCP and higher bandwidth. Consider using `<Image />` from 
`next/image` or a custom image loader to automatically optimize images. This may incur additional usage or cost from 
your provider. See: https://nextjs.org/docs/messages/no-img-element  @next/next/no-img-element
221:65  Warning: Using `<img>` could result in slower LCP and higher bandwidth. Consider using `<Image />` from 
`next/image` or a custom image loader to automatically optimize images. This may incur additional usage or cost from 
your provider. See: https://nextjs.org/docs/messages/no-img-element  @next/next/no-img-element

./app/Components/Sidebar.js
140:19  Warning: Using `<img>` could result in slower LCP and higher bandwidth. Consider using `<Image />` from 
`next/image` or a custom image loader to automatically optimize images. This may incur additional usage or cost from 
your provider. See: https://nextjs.org/docs/messages/no-img-element  @next/next/no-img-element

./app/feed/page.js
36:11  Warning: Using `<img>` could result in slower LCP and higher bandwidth. Consider using `<Image />` from 
`next/image` or a custom image loader to automatically optimize images. This may incur additional usage or cost from 
your provider. See: https://nextjs.org/docs/messages/no-img-element  @next/next/no-img-element
36:11  Warning: img elements must have an alt prop, either with meaningful text, or an empty string for decorative 
images.  jsx-a11y/alt-text
42:18  Error: React Hook "useRouter" is called in function "page" that is neither a React function component nor a 
custom React Hook function. React component names must start with an uppercase letter. React Hook names must start 
with the word "use".  react-hooks/rules-of-hooks
43:29  Error: React Hook "useSession" is called in function "page" that is neither a React function component nor a 
custom React Hook function. React component names must start with an uppercase letter. React Hook names must start 
with the word "use".  react-hooks/rules-of-hooks
44:27  Error: React Hook "useState" is called in function "page" that is neither a React function component nor a 
custom React Hook function. React component names must start with an uppercase letter. React Hook names must start 
with the word "use".  react-hooks/rules-of-hooks
45:37  Error: React Hook "useState" is called in function "page" that is neither a React function component nor a 
custom React Hook function. React component names must start with an uppercase letter. React Hook names must start 
with the word "use".  react-hooks/rules-of-hooks
46:33  Error: React Hook "useState" is called in function "page" that is neither a React function component nor a 
custom React Hook function. React component names must start with an uppercase letter. React Hook names must start 
with the word "use".  react-hooks/rules-of-hooks
48:45  Error: React Hook "useState" is called in function "page" that is neither a React function component nor a 
custom React Hook function. React component names must start with an uppercase letter. React Hook names must start 
with the word "use".  react-hooks/rules-of-hooks
49:51  Error: React Hook "useState" is called in function "page" that is neither a React function component nor a 
custom React Hook function. React component names must start with an uppercase letter. React Hook names must start 
with the word "use".  react-hooks/rules-of-hooks
50:41  Error: React Hook "useState" is called in function "page" that is neither a React function component nor a 
custom React Hook function. React component names must start with an uppercase letter. React Hook names must start 
with the word "use".  react-hooks/rules-of-hooks
51:47  Error: React Hook "useState" is called in function "page" that is neither a React function component nor a 
custom React Hook function. React component names must start with an uppercase letter. React Hook names must start 
with the word "use".  react-hooks/rules-of-hooks
53:35  Error: React Hook "useSocket" is called in function "page" that is neither a React function component nor a 
custom React Hook function. React component names must start with an uppercase letter. React Hook names must start 
with the word "use".  react-hooks/rules-of-hooks
54:53  Error: React Hook "useState" is called in function "page" that is neither a React function component nor a 
custom React Hook function. React component names must start with an uppercase letter. React Hook names must start 
with the word "use".  react-hooks/rules-of-hooks
55:53  Error: React Hook "useState" is called in function "page" that is neither a React function component nor a 
custom React Hook function. React component names must start with an uppercase letter. React Hook names must start 
with the word "use".  react-hooks/rules-of-hooks
56:41  Error: React Hook "useState" is called in function "page" that is neither a React function component nor a 
custom React Hook function. React component names must start with an uppercase letter. React Hook names must start 
with the word "use".  react-hooks/rules-of-hooks
58:3  Error: React Hook "useEffect" is called in function "page" that is neither a React function component nor a 
custom React Hook function. React component names must start with an uppercase letter. React Hook names must start 
with the word "use".  react-hooks/rules-of-hooks
64:6  Warning: React Hook useEffect has missing dependencies: 'getdata' and 'router'. Either include them or remove 
the dependency array.  react-hooks/exhaustive-deps
66:3  Error: React Hook "useEffect" is called in function "page" that is neither a React function component nor a 
custom React Hook function. React component names must start with an uppercase letter. React Hook names must start 
with the word "use".  react-hooks/rules-of-hooks
241:33  Warning: Using `<img>` could result in slower LCP and higher bandwidth. Consider using `<Image />` from 
`next/image` or a custom image loader to automatically optimize images. This may incur additional usage or cost from 
your provider. See: https://nextjs.org/docs/messages/no-img-element  @next/next/no-img-element
257:27  Warning: Using `<img>` could result in slower LCP and higher bandwidth. Consider using `<Image />` from 
`next/image` or a custom image loader to automatically optimize images. This may incur additional usage or cost from 
your provider. See: https://nextjs.org/docs/messages/no-img-element  @next/next/no-img-element
308:37  Warning: Using `<img>` could result in slower LCP and higher bandwidth. Consider using `<Image />` from 
`next/image` or a custom image loader to automatically optimize images. This may incur additional usage or cost from 
your provider. See: https://nextjs.org/docs/messages/no-img-element  @next/next/no-img-element
329:47  Warning: Using `<img>` could result in slower LCP and higher bandwidth. Consider using `<Image />` from 
`next/image` or a custom image loader to automatically optimize images. This may incur additional usage or cost from 
your provider. See: https://nextjs.org/docs/messages/no-img-element  @next/next/no-img-element
366:31  Warning: Using `<img>` could result in slower LCP and higher bandwidth. Consider using `<Image />` from 
`next/image` or a custom image loader to automatically optimize images. This may incur additional usage or cost from 
your provider. See: https://nextjs.org/docs/messages/no-img-element  @next/next/no-img-element
366:31  Warning: img elements must have an alt prop, either with meaningful text, or an empty string for decorative 
images.  jsx-a11y/alt-text
415:27  Warning: Using `<img>` could result in slower LCP and higher bandwidth. Consider using `<Image />` from 
`next/image` or a custom image loader to automatically optimize images. This may incur additional usage or cost from 
your provider. See: https://nextjs.org/docs/messages/no-img-element  @next/next/no-img-element
415:27  Warning: img elements must have an alt prop, either with meaningful text, or an empty string for decorative 
images.  jsx-a11y/alt-text
423:27  Warning: Using `<img>` could result in slower LCP and higher bandwidth. Consider using `<Image />` from 
`next/image` or a custom image loader to automatically optimize images. This may incur additional usage or cost from 
your provider. See: https://nextjs.org/docs/messages/no-img-element  @next/next/no-img-element
423:27  Warning: img elements must have an alt prop, either with meaningful text, or an empty string for decorative 
images.  jsx-a11y/alt-text
456:55  Warning: Using `<img>` could result in slower LCP and higher bandwidth. Consider using `<Image />` from 
`next/image` or a custom image loader to automatically optimize images. This may incur additional usage or cost from 
your provider. See: https://nextjs.org/docs/messages/no-img-element  @next/next/no-img-element
456:55  Warning: img elements must have an alt prop, either with meaningful text, or an empty string for decorative 
images.  jsx-a11y/alt-text

./app/friends/page.js
9:33  Error: React Hook "useState" is called in function "page" that is neither a React function component nor a 
custom React Hook function. React component names must start with an uppercase letter. React Hook names must start 
with the word "use".  react-hooks/rules-of-hooks
10:29  Error: React Hook "useSession" is called in function "page" that is neither a React function component nor a 
custom React Hook function. React component names must start with an uppercase letter. React Hook names must start 
with the word "use".  react-hooks/rules-of-hooks
11:3  Error: React Hook "useEffect" is called in function "page" that is neither a React function component nor a 
custom React Hook function. React component names must start with an uppercase letter. React Hook names must start 
with the word "use".  react-hooks/rules-of-hooks
14:6  Warning: React Hook useEffect has a missing dependency: 'getdata'. Either include it or remove the dependency 
array.  react-hooks/exhaustive-deps
36:22  Error: `'` can be escaped with `&apos;`, `&lsquo;`, `&#39;`, `&rsquo;`.  react/no-unescaped-entities
47:17  Warning: Using `<img>` could result in slower LCP and higher bandwidth. Consider using `<Image />` from 
`next/image` or a custom image loader to automatically optimize images. This may incur additional usage or cost from 
your provider. See: https://nextjs.org/docs/messages/no-img-element  @next/next/no-img-element

./app/head-admin/page.js
263:82  Error: `'` can be escaped with `&apos;`, `&lsquo;`, `&#39;`, `&rsquo;`.  react/no-unescaped-entities

./app/login/page.js
69:11  Warning: Using `<img>` could result in slower LCP and higher bandwidth. Consider using `<Image />` from 
`next/image` or a custom image loader to automatically optimize images. This may incur additional usage or cost from 
your provider. See: https://nextjs.org/docs/messages/no-img-element  @next/next/no-img-element

./app/Notification/page.js
12:18  Error: React Hook "useRouter" is called in function "page" that is neither a React function component nor a 
custom React Hook function. React component names must start with an uppercase letter. React Hook names must start 
with the word "use".  react-hooks/rules-of-hooks
13:29  Error: React Hook "useSession" is called in function "page" that is neither a React function component nor a 
custom React Hook function. React component names must start with an uppercase letter. React Hook names must start 
with the word "use".  react-hooks/rules-of-hooks
14:33  Error: React Hook "useState" is called in function "page" that is neither a React function component nor a 
custom React Hook function. React component names must start with an uppercase letter. React Hook names must start 
with the word "use".  react-hooks/rules-of-hooks
15:45  Error: React Hook "useState" is called in function "page" that is neither a React function component nor a 
custom React Hook function. React component names must start with an uppercase letter. React Hook names must start 
with the word "use".  react-hooks/rules-of-hooks
16:33  Error: React Hook "useState" is called in function "page" that is neither a React function component nor a 
custom React Hook function. React component names must start with an uppercase letter. React Hook names must start 
with the word "use".  react-hooks/rules-of-hooks
18:3  Error: React Hook "useEffect" is called in function "page" that is neither a React function component nor a 
custom React Hook function. React component names must start with an uppercase letter. React Hook names must start 
with the word "use".  react-hooks/rules-of-hooks
27:6  Warning: React Hook useEffect has missing dependencies: 'getdata' and 'router'. Either include them or remove 
the dependency array.  react-hooks/exhaustive-deps
74:21  Warning: Using `<img>` could result in slower LCP and higher bandwidth. Consider using `<Image />` from 
`next/image` or a custom image loader to automatically optimize images. This may incur additional usage or cost from 
your provider. See: https://nextjs.org/docs/messages/no-img-element  @next/next/no-img-element
126:19  Warning: Using `<img>` could result in slower LCP and higher bandwidth. Consider using `<Image />` from 
`next/image` or a custom image loader to automatically optimize images. This may incur additional usage or cost from 
your provider. See: https://nextjs.org/docs/messages/no-img-element  @next/next/no-img-element
151:95  Error: `"` can be escaped with `&quot;`, `&ldquo;`, `&#34;`, `&rdquo;`.  react/no-unescaped-entities
151:104  Error: `"` can be escaped with `&quot;`, `&ldquo;`, `&#34;`, `&rdquo;`.  react/no-unescaped-entities

./app/providers/SocketProvider.js
73:8  Warning: React Hook useEffect has a missing dependency: 'session'. Either include it or remove the dependency 
array.  react-hooks/exhaustive-deps
221:8  Warning: React Hook useEffect has an unnecessary dependency: 'socket'. Either exclude it or remove the 
dependency array. Outer scope values like 'socket' aren't valid dependencies because mutating them doesn't re-render 
the component.  react-hooks/exhaustive-deps

./app/register/page.js
246:121  Error: `'` can be escaped with `&apos;`, `&lsquo;`, `&#39;`, `&rsquo;`.  react/no-unescaped-entities
272:45  Warning: Using `<img>` could result in slower LCP and higher bandwidth. Consider using `<Image />` from 
`next/image` or a custom image loader to automatically optimize images. This may incur additional usage or cost from 
your provider. See: https://nextjs.org/docs/messages/no-img-element  @next/next/no-img-element
272:45  Warning: img elements must have an alt prop, either with meaningful text, or an empty string for decorative 
images.  jsx-a11y/alt-text

./app/schoolCompetitions/page.js
27:8  Warning: React Hook useEffect has missing dependencies: 'getExploreData' and 'router'. Either include them or 
remove the dependency array.  react-hooks/exhaustive-deps
65:25  Warning: Using `<img>` could result in slower LCP and higher bandwidth. Consider using `<Image />` from 
`next/image` or a custom image loader to automatically optimize images. This may incur additional usage or cost from 
your provider. See: https://nextjs.org/docs/messages/no-img-element  @next/next/no-img-element
77:29  Warning: Using `<img>` could result in slower LCP and higher bandwidth. Consider using `<Image />` from 
`next/image` or a custom image loader to automatically optimize images. This may incur additional usage or cost from 
your provider. See: https://nextjs.org/docs/messages/no-img-element  @next/next/no-img-element
107:29  Warning: Using `<img>` could result in slower LCP and higher bandwidth. Consider using `<Image />` from 
`next/image` or a custom image loader to automatically optimize images. This may incur additional usage or cost from 
your provider. See: https://nextjs.org/docs/messages/no-img-element  @next/next/no-img-element
127:25  Warning: Using `<img>` could result in slower LCP and higher bandwidth. Consider using `<Image />` from 
`next/image` or a custom image loader to automatically optimize images. This may incur additional usage or cost from 
your provider. See: https://nextjs.org/docs/messages/no-img-element  @next/next/no-img-element
131:113  Error: `"` can be escaped with `&quot;`, `&ldquo;`, `&#34;`, `&rdquo;`.  react/no-unescaped-entities
131:128  Error: `"` can be escaped with `&quot;`, `&ldquo;`, `&#34;`, `&rdquo;`.  react/no-unescaped-entities
137:25  Warning: Using `<img>` could result in slower LCP and higher bandwidth. Consider using `<Image />` from 
`next/image` or a custom image loader to automatically optimize images. This may incur additional usage or cost from 
your provider. See: https://nextjs.org/docs/messages/no-img-element  @next/next/no-img-element

./app/search/page.js
30:8  Warning: React Hook useEffect has missing dependencies: 'fetchConnections' and 'router'. Either include them or 
remove the dependency array.  react-hooks/exhaustive-deps
205:45  Warning: Using `<img>` could result in slower LCP and higher bandwidth. Consider using `<Image />` from 
`next/image` or a custom image loader to automatically optimize images. This may incur additional usage or cost from 
your provider. See: https://nextjs.org/docs/messages/no-img-element  @next/next/no-img-element
228:90  Error: `"` can be escaped with `&quot;`, `&ldquo;`, `&#34;`, `&rdquo;`.  react/no-unescaped-entities
228:98  Error: `"` can be escaped with `&quot;`, `&ldquo;`, `&#34;`, `&rdquo;`.  react/no-unescaped-entities

./app/Shorts/page.js
62:8  Warning: React Hook useEffect has missing dependencies: 'getdata' and 'router'. Either include them or remove 
the dependency array.  react-hooks/exhaustive-deps
197:49  Warning: Using `<img>` could result in slower LCP and higher bandwidth. Consider using `<Image />` from 
`next/image` or a custom image loader to automatically optimize images. This may incur additional usage or cost from 
your provider. See: https://nextjs.org/docs/messages/no-img-element  @next/next/no-img-element
197:49  Warning: img elements must have an alt prop, either with meaningful text, or an empty string for decorative 
images.  jsx-a11y/alt-text
275:61  Warning: Using `<img>` could result in slower LCP and higher bandwidth. Consider using `<Image />` from 
`next/image` or a custom image loader to automatically optimize images. This may incur additional usage or cost from 
your provider. See: https://nextjs.org/docs/messages/no-img-element  @next/next/no-img-element
275:61  Warning: img elements must have an alt prop, either with meaningful text, or an empty string for decorative 
images.  jsx-a11y/alt-text
294:81  Warning: Using `<img>` could result in slower LCP and higher bandwidth. Consider using `<Image />` from 
`next/image` or a custom image loader to automatically optimize images. This may incur additional usage or cost from 
your provider. See: https://nextjs.org/docs/messages/no-img-element  @next/next/no-img-element
294:81  Warning: img elements must have an alt prop, either with meaningful text, or an empty string for decorative 
images.  jsx-a11y/alt-text
333:57  Warning: Using `<img>` could result in slower LCP and higher bandwidth. Consider using `<Image />` from 
`next/image` or a custom image loader to automatically optimize images. This may incur additional usage or cost from 
your provider. See: https://nextjs.org/docs/messages/no-img-element  @next/next/no-img-element
333:57  Warning: img elements must have an alt prop, either with meaningful text, or an empty string for decorative 
images.  jsx-a11y/alt-text

./app/sub-admin-panel/page.js
29:8  Warning: React Hook useEffect has a missing dependency: 'fetchData'. Either include it or remove the dependency 
array.  react-hooks/exhaustive-deps
129:49  Warning: Using `<img>` could result in slower LCP and higher bandwidth. Consider using `<Image />` from 
`next/image` or a custom image loader to automatically optimize images. This may incur additional usage or cost from 
your provider. See: https://nextjs.org/docs/messages/no-img-element  @next/next/no-img-element
184:45  Warning: Using `<img>` could result in slower LCP and higher bandwidth. Consider using `<Image />` from 
`next/image` or a custom image loader to automatically optimize images. This may incur additional usage or cost from 
your provider. See: https://nextjs.org/docs/messages/no-img-element  @next/next/no-img-element
221:37  Warning: Using `<img>` could result in slower LCP and higher bandwidth. Consider using `<Image />` from 
`next/image` or a custom image loader to automatically optimize images. This may incur additional usage or cost from 
your provider. See: https://nextjs.org/docs/messages/no-img-element  @next/next/no-img-element

./app/teenarena/[category]/page.js
97:45  Warning: Using `<img>` could result in slower LCP and higher bandwidth. Consider using `<Image />` from 
`next/image` or a custom image loader to automatically optimize images. This may incur additional usage or cost from 
your provider. See: https://nextjs.org/docs/messages/no-img-element  @next/next/no-img-element

./app/Updateuser/page.js
10:24  Error: React Hook "useSearchParams" is called in function "page" that is neither a React function component nor 
a custom React Hook function. React component names must start with an uppercase letter. React Hook names must start 
with the word "use".  react-hooks/rules-of-hooks
12:18  Error: React Hook "useRouter" is called in function "page" that is neither a React function component nor a 
custom React Hook function. React component names must start with an uppercase letter. React Hook names must start 
with the word "use".  react-hooks/rules-of-hooks
13:37  Error: React Hook "useSession" is called in function "page" that is neither a React function component nor a 
custom React Hook function. React component names must start with an uppercase letter. React Hook names must start 
with the word "use".  react-hooks/rules-of-hooks
14:27  Error: React Hook "useState" is called in function "page" that is neither a React function component nor a 
custom React Hook function. React component names must start with an uppercase letter. React Hook names must start 
with the word "use".  react-hooks/rules-of-hooks
16:3  Error: React Hook "useEffect" is called in function "page" that is neither a React function component nor a 
custom React Hook function. React component names must start with an uppercase letter. React Hook names must start 
with the word "use".  react-hooks/rules-of-hooks
24:6  Warning: React Hook useEffect has missing dependencies: 'getdata' and 'searchParams'. Either include them or 
remove the dependency array.  react-hooks/exhaustive-deps
71:17  Warning: Using `<img>` could result in slower LCP and higher bandwidth. Consider using `<Image />` from 
`next/image` or a custom image loader to automatically optimize images. This may incur additional usage or cost from 
your provider. See: https://nextjs.org/docs/messages/no-img-element  @next/next/no-img-element

./app/User/page.js
15:18  Error: React Hook "useRouter" is called in function "page" that is neither a React function component nor a 
custom React Hook function. React component names must start with an uppercase letter. React Hook names must start 
with the word "use".  react-hooks/rules-of-hooks
16:29  Error: React Hook "useSession" is called in function "page" that is neither a React function component nor a 
custom React Hook function. React component names must start with an uppercase letter. React Hook names must start 
with the word "use".  react-hooks/rules-of-hooks
17:27  Error: React Hook "useState" is called in function "page" that is neither a React function component nor a 
custom React Hook function. React component names must start with an uppercase letter. React Hook names must start 
with the word "use".  react-hooks/rules-of-hooks
18:37  Error: React Hook "useState" is called in function "page" that is neither a React function component nor a 
custom React Hook function. React component names must start with an uppercase letter. React Hook names must start 
with the word "use".  react-hooks/rules-of-hooks
19:37  Error: React Hook "useState" is called in function "page" that is neither a React function component nor a 
custom React Hook function. React component names must start with an uppercase letter. React Hook names must start 
with the word "use".  react-hooks/rules-of-hooks
20:43  Error: React Hook "useState" is called in function "page" that is neither a React function component nor a 
custom React Hook function. React component names must start with an uppercase letter. React Hook names must start 
with the word "use".  react-hooks/rules-of-hooks
22:27  Error: React Hook "useState" is called in function "page" that is neither a React function component nor a 
custom React Hook function. React component names must start with an uppercase letter. React Hook names must start 
with the word "use".  react-hooks/rules-of-hooks
23:41  Error: React Hook "useState" is called in function "page" that is neither a React function component nor a 
custom React Hook function. React component names must start with an uppercase letter. React Hook names must start 
with the word "use".  react-hooks/rules-of-hooks
24:31  Error: React Hook "useState" is called in function "page" that is neither a React function component nor a 
custom React Hook function. React component names must start with an uppercase letter. React Hook names must start 
with the word "use".  react-hooks/rules-of-hooks
26:49  Error: React Hook "useState" is called in function "page" that is neither a React function component nor a 
custom React Hook function. React component names must start with an uppercase letter. React Hook names must start 
with the word "use".  react-hooks/rules-of-hooks
27:35  Error: React Hook "useState" is called in function "page" that is neither a React function component nor a 
custom React Hook function. React component names must start with an uppercase letter. React Hook names must start 
with the word "use".  react-hooks/rules-of-hooks
28:35  Error: React Hook "useState" is called in function "page" that is neither a React function component nor a 
custom React Hook function. React component names must start with an uppercase letter. React Hook names must start 
with the word "use".  react-hooks/rules-of-hooks
30:43  Error: React Hook "useState" is called in function "page" that is neither a React function component nor a 
custom React Hook function. React component names must start with an uppercase letter. React Hook names must start 
with the word "use".  react-hooks/rules-of-hooks
33:45  Error: React Hook "useState" is called in function "page" that is neither a React function component nor a 
custom React Hook function. React component names must start with an uppercase letter. React Hook names must start 
with the word "use".  react-hooks/rules-of-hooks
34:51  Error: React Hook "useState" is called in function "page" that is neither a React function component nor a 
custom React Hook function. React component names must start with an uppercase letter. React Hook names must start 
with the word "use".  react-hooks/rules-of-hooks
37:41  Error: React Hook "useState" is called in function "page" that is neither a React function component nor a 
custom React Hook function. React component names must start with an uppercase letter. React Hook names must start 
with the word "use".  react-hooks/rules-of-hooks
38:47  Error: React Hook "useState" is called in function "page" that is neither a React function component nor a 
custom React Hook function. React component names must start with an uppercase letter. React Hook names must start 
with the word "use".  react-hooks/rules-of-hooks
41:47  Error: React Hook "useState" is called in function "page" that is neither a React function component nor a 
custom React Hook function. React component names must start with an uppercase letter. React Hook names must start 
with the word "use".  react-hooks/rules-of-hooks
42:39  Error: React Hook "useState" is called in function "page" that is neither a React function component nor a 
custom React Hook function. React component names must start with an uppercase letter. React Hook names must start 
with the word "use".  react-hooks/rules-of-hooks
45:45  Error: React Hook "useState" is called in function "page" that is neither a React function component nor a 
custom React Hook function. React component names must start with an uppercase letter. React Hook names must start 
with the word "use".  react-hooks/rules-of-hooks
46:37  Error: React Hook "useState" is called in function "page" that is neither a React function component nor a 
custom React Hook function. React component names must start with an uppercase letter. React Hook names must start 
with the word "use".  react-hooks/rules-of-hooks
48:3  Error: React Hook "useEffect" is called in function "page" that is neither a React function component nor a 
custom React Hook function. React component names must start with an uppercase letter. React Hook names must start 
with the word "use".  react-hooks/rules-of-hooks
100:6  Warning: React Hook useEffect has missing dependencies: 'getdata' and 'router'. Either include them or remove 
the dependency array.  react-hooks/exhaustive-deps
240:43  Error: React Hook "useState" is called in function "page" that is neither a React function component nor a 
custom React Hook function. React component names must start with an uppercase letter. React Hook names must start 
with the word "use".  react-hooks/rules-of-hooks
241:43  Error: React Hook "useState" is called in function "page" that is neither a React function component nor a 
custom React Hook function. React component names must start with an uppercase letter. React Hook names must start 
with the word "use".  react-hooks/rules-of-hooks
369:21  Warning: Using `<img>` could result in slower LCP and higher bandwidth. Consider using `<Image />` from 
`next/image` or a custom image loader to automatically optimize images. This may incur additional usage or cost from 
your provider. See: https://nextjs.org/docs/messages/no-img-element  @next/next/no-img-element
551:23  Warning: Using `<img>` could result in slower LCP and higher bandwidth. Consider using `<Image />` from 
`next/image` or a custom image loader to automatically optimize images. This may incur additional usage or cost from 
your provider. See: https://nextjs.org/docs/messages/no-img-element  @next/next/no-img-element
632:23  Warning: Using `<img>` could result in slower LCP and higher bandwidth. Consider using `<Image />` from 
`next/image` or a custom image loader to automatically optimize images. This may incur additional usage or cost from 
your provider. See: https://nextjs.org/docs/messages/no-img-element  @next/next/no-img-element
687:25  Warning: Using `<img>` could result in slower LCP and higher bandwidth. Consider using `<Image />` from 
`next/image` or a custom image loader to automatically optimize images. This may incur additional usage or cost from 
your provider. See: https://nextjs.org/docs/messages/no-img-element  @next/next/no-img-element
698:27  Warning: Using `<img>` could result in slower LCP and higher bandwidth. Consider using `<Image />` from 
`next/image` or a custom image loader to automatically optimize images. This may incur additional usage or cost from 
your provider. See: https://nextjs.org/docs/messages/no-img-element  @next/next/no-img-element
752:37  Warning: Using `<img>` could result in slower LCP and higher bandwidth. Consider using `<Image />` from 
`next/image` or a custom image loader to automatically optimize images. This may incur additional usage or cost from 
your provider. See: https://nextjs.org/docs/messages/no-img-element  @next/next/no-img-element
773:47  Warning: Using `<img>` could result in slower LCP and higher bandwidth. Consider using `<Image />` from 
`next/image` or a custom image loader to automatically optimize images. This may incur additional usage or cost from 
your provider. See: https://nextjs.org/docs/messages/no-img-element  @next/next/no-img-element
874:25  Warning: Using `<img>` could result in slower LCP and higher bandwidth. Consider using `<Image />` from 
`next/image` or a custom image loader to automatically optimize images. This may incur additional usage or cost from 
your provider. See: https://nextjs.org/docs/messages/no-img-element  @next/next/no-img-element
934:25  Warning: Using `<img>` could result in slower LCP and higher bandwidth. Consider using `<Image />` from 
`next/image` or a custom image loader to automatically optimize images. This may incur additional usage or cost from 
your provider. See: https://nextjs.org/docs/messages/no-img-element  @next/next/no-img-element

./app/verify/page.js
99:17  Warning: Using `<img>` could result in slower LCP and higher bandwidth. Consider using `<Image />` from 
`next/image` or a custom image loader to automatically optimize images. This may incur additional usage or cost from 
your provider. See: https://nextjs.org/docs/messages/no-img-element  @next/next/no-img-element

./app/ViewFriends/page.js
247:21  Warning: Using `<img>` could result in slower LCP and higher bandwidth. Consider using `<Image />` from 
`next/image` or a custom image loader to automatically optimize images. This may incur additional usage or cost from 
your provider. See: https://nextjs.org/docs/messages/no-img-element  @next/next/no-img-element
352:23  Warning: Using `<img>` could result in slower LCP and higher bandwidth. Consider using `<Image />` from 
`next/image` or a custom image loader to automatically optimize images. This may incur additional usage or cost from 
your provider. See: https://nextjs.org/docs/messages/no-img-element  @next/next/no-img-element
366:25  Warning: Using `<img>` could result in slower LCP and higher bandwidth. Consider using `<Image />` from 
`next/image` or a custom image loader to automatically optimize images. This may incur additional usage or cost from 
your provider. See: https://nextjs.org/docs/messages/no-img-element  @next/next/no-img-element
424:35  Warning: Using `<img>` could result in slower LCP and higher bandwidth. Consider using `<Image />` from 
`next/image` or a custom image loader to automatically optimize images. This may incur additional usage or cost from 
your provider. See: https://nextjs.org/docs/messages/no-img-element  @next/next/no-img-element
438:45  Warning: Using `<img>` could result in slower LCP and higher bandwidth. Consider using `<Image />` from 
`next/image` or a custom image loader to automatically optimize images. This may incur additional usage or cost from 
your provider. See: https://nextjs.org/docs/messages/no-img-element  @next/next/no-img-element

info  - Need to disable some ESLint rules? Learn more here: 
https://nextjs.org/docs/app/api-reference/config/eslint#disabling-rules
